[     216ms] [INFO] %cDownload the React DevTools for a better development experience: https://react.dev/link/react-devtools font-weight:bold @ http://localhost:3000/_next/static/chunks/node_modules_next_dist_1ybzpk2._.js:2477
[     246ms] [LOG] [HMR] connected @ http://localhost:3000/_next/static/chunks/node_modules_next_dist_1ybzpk2._.js:2477
[     425ms] [ERROR] Failed to load resource: the server responded with a status of 401 (Unauthorized) @ http://localhost:3000/api/auth/me:0
[     425ms] [ERROR] Failed to load resource: the server responded with a status of 401 (Unauthorized) @ http://localhost:3000/api/auth/me:0
[     428ms] [LOG] [Fast Refresh] rebuilding @ http://localhost:3000/_next/static/chunks/node_modules_next_dist_1ybzpk2._.js:2477
[     459ms] [LOG] [Fast Refresh] done in 184ms @ http://localhost:3000/_next/static/chunks/node_modules_next_dist_1ybzpk2._.js:2477
[     499ms] [WARNING] Image with src "http://localhost:3000/assets/la-text-black.svg" has either width or height modified, but not the other. If you use CSS to change the size of your image, also include the styles 'width: "auto"' or 'height: "auto"' to maintain the aspect ratio. @ http://localhost:3000/_next/static/chunks/node_modules_next_dist_1ybzpk2._.js:2477
[     500ms] [WARNING] Image with src "http://localhost:3000/assets/la-text-white.svg" has either width or height modified, but not the other. If you use CSS to change the size of your image, also include the styles 'width: "auto"' or 'height: "auto"' to maintain the aspect ratio. @ http://localhost:3000/_next/static/chunks/node_modules_next_dist_1ybzpk2._.js:2477
[     556ms] [WARNING] Image with src "/assets/la-text-black.svg" was detected as the Largest Contentful Paint (LCP). Please add the `loading="eager"` property if this image is above the fold.
Read more: https://nextjs.org/docs/app/api-reference/components/image#loading @ http://localhost:3000/_next/static/chunks/node_modules_next_dist_1ybzpk2._.js:2477
[     757ms] [ERROR] Failed to load resource: the server responded with a status of 401 (Unauthorized) @ http://localhost:3000/api/auth/me:0
[     773ms] [ERROR] Failed to load resource: the server responded with a status of 401 (Unauthorized) @ http://localhost:3000/api/auth/me:0
[     782ms] [LOG] [Fast Refresh] rebuilding @ http://localhost:3000/_next/static/chunks/node_modules_next_dist_1ybzpk2._.js:2477
[     783ms] [ERROR] Failed to load resource: the server responded with a status of 401 (Unauthorized) @ http://localhost:3000/api/auth/me:0
[     799ms] [ERROR] Failed to load resource: the server responded with a status of 401 (Unauthorized) @ http://localhost:3000/api/auth/me:0
[     915ms] [LOG] [Fast Refresh] done in 248ms @ http://localhost:3000/_next/static/chunks/node_modules_next_dist_1ybzpk2._.js:2477
[    1413ms] [LOG] Running with experiment IDs: [106288168] @ https://maps.googleapis.com/maps-api-v3/api/js/66/4d/intl/en_gb/main.js:312
[    7457ms] [LOG] [Fast Refresh] rebuilding @ http://localhost:3000/_next/static/chunks/node_modules_next_dist_1ybzpk2._.js:2477
[    7521ms] [LOG] [Fast Refresh] done in 164ms @ http://localhost:3000/_next/static/chunks/node_modules_next_dist_1ybzpk2._.js:2477
[   11657ms] [LOG] Running with experiment IDs: [106288168] @ https://maps.googleapis.com/maps-api-v3/api/js/66/4d/intl/en_gb/main.js:312
[   19041ms] [WARNING] The resource http://localhost:3000/_next/static/media/InterDisplay_Bold-s.p.0kss920advxba.woff2 was preloaded using link preload but not used within a few seconds from the window's load event. Please make sure it has an appropriate `as` value and it is preloaded intentionally. @ http://localhost:3000/in/listings/88106982:0
[   19041ms] [WARNING] The resource http://localhost:3000/_next/static/media/InterDisplay_MediumItalic-s.p.2n140z_5a3bpz.woff2 was preloaded using link preload but not used within a few seconds from the window's load event. Please make sure it has an appropriate `as` value and it is preloaded intentionally. @ http://localhost:3000/in/listings/88106982:0
[   19041ms] [WARNING] The resource http://localhost:3000/_next/static/media/InterDisplay_Regular-s.p.05ofnfgo8nzb9.woff2 was preloaded using link preload but not used within a few seconds from the window's load event. Please make sure it has an appropriate `as` value and it is preloaded intentionally. @ http://localhost:3000/in/listings/88106982:0
[   19041ms] [WARNING] The resource http://localhost:3000/_next/static/media/InterDisplay_ExtraLight-s.p.2nb7s3aeo7ldb.woff2 was preloaded using link preload but not used within a few seconds from the window's load event. Please make sure it has an appropriate `as` value and it is preloaded intentionally. @ http://localhost:3000/in/listings/88106982:0
[   19041ms] [WARNING] The resource http://localhost:3000/_next/static/media/InterDisplay_Thin-s.p.30banxgkccgh5.woff2 was preloaded using link preload but not used within a few seconds from the window's load event. Please make sure it has an appropriate `as` value and it is preloaded intentionally. @ http://localhost:3000/in/listings/88106982:0
[   19041ms] [WARNING] The resource http://localhost:3000/_next/static/media/InterDisplay_Black-s.p.33o_4m0rtu-r7.woff2 was preloaded using link preload but not used within a few seconds from the window's load event. Please make sure it has an appropriate `as` value and it is preloaded intentionally. @ http://localhost:3000/in/listings/88106982:0
[   19042ms] [WARNING] The resource http://localhost:3000/_next/static/media/InterDisplay_Italic-s.p.3nxdwcry_ltl7.woff2 was preloaded using link preload but not used within a few seconds from the window's load event. Please make sure it has an appropriate `as` value and it is preloaded intentionally. @ http://localhost:3000/in/listings/88106982:0
[   19042ms] [WARNING] The resource http://localhost:3000/_next/static/media/InterDisplay_BoldItalic-s.p.35mham8v5-ycf.woff2 was preloaded using link preload but not used within a few seconds from the window's load event. Please make sure it has an appropriate `as` value and it is preloaded intentionally. @ http://localhost:3000/in/listings/88106982:0
[   19042ms] [WARNING] The resource http://localhost:3000/_next/static/media/InterDisplay_ExtraLightItalic-s.p.10n24g85sorrt.woff2 was preloaded using link preload but not used within a few seconds from the window's load event. Please make sure it has an appropriate `as` value and it is preloaded intentionally. @ http://localhost:3000/in/listings/88106982:0
[   19042ms] [WARNING] The resource http://localhost:3000/_next/static/media/InterDisplay_LightItalic-s.p.3x5a85g3nysw0.woff2 was preloaded using link preload but not used within a few seconds from the window's load event. Please make sure it has an appropriate `as` value and it is preloaded intentionally. @ http://localhost:3000/in/listings/88106982:0
[   19042ms] [WARNING] The resource http://localhost:3000/_next/static/media/InterDisplay_SemiBoldItalic-s.p.3k2jttv8ev6o8.woff2 was preloaded using link preload but not used within a few seconds from the window's load event. Please make sure it has an appropriate `as` value and it is preloaded intentionally. @ http://localhost:3000/in/listings/88106982:0
[   19042ms] [WARNING] The resource http://localhost:3000/_next/static/media/InterVariable-s.p.2c0y96ae70xfx.woff2 was preloaded using link preload but not used within a few seconds from the window's load event. Please make sure it has an appropriate `as` value and it is preloaded intentionally. @ http://localhost:3000/in/listings/88106982:0
[   19042ms] [WARNING] The resource http://localhost:3000/_next/static/media/InterVariable_Italic-s.p.1x53smi1ekt97.woff2 was preloaded using link preload but not used within a few seconds from the window's load event. Please make sure it has an appropriate `as` value and it is preloaded intentionally. @ http://localhost:3000/in/listings/88106982:0
[   19042ms] [WARNING] The resource http://localhost:3000/_next/static/media/InterDisplay_SemiBold-s.p.31mi2_1srxuqc.woff2 was preloaded using link preload but not used within a few seconds from the window's load event. Please make sure it has an appropriate `as` value and it is preloaded intentionally. @ http://localhost:3000/in/listings/88106982:0
[   19042ms] [WARNING] The resource http://localhost:3000/_next/static/media/InterDisplay_BlackItalic-s.p.425nith7n306a.woff2 was preloaded using link preload but not used within a few seconds from the window's load event. Please make sure it has an appropriate `as` value and it is preloaded intentionally. @ http://localhost:3000/in/listings/88106982:0
[   19042ms] [WARNING] The resource http://localhost:3000/_next/static/media/InterDisplay_ThinItalic-s.p.1n1fsos13n145.woff2 was preloaded using link preload but not used within a few seconds from the window's load event. Please make sure it has an appropriate `as` value and it is preloaded intentionally. @ http://localhost:3000/in/listings/88106982:0
[   19042ms] [WARNING] The resource http://localhost:3000/_next/static/media/InterDisplay_Light-s.p.23j4v340n3f_s.woff2 was preloaded using link preload but not used within a few seconds from the window's load event. Please make sure it has an appropriate `as` value and it is preloaded intentionally. @ http://localhost:3000/in/listings/88106982:0
[   19042ms] [WARNING] The resource http://localhost:3000/_next/static/media/InterDisplay_Medium-s.p.0g6cht4ktizsh.woff2 was preloaded using link preload but not used within a few seconds from the window's load event. Please make sure it has an appropriate `as` value and it is preloaded intentionally. @ http://localhost:3000/in/listings/88106982:0
[   19042ms] [WARNING] The resource http://localhost:3000/_next/static/media/InterDisplay_ExtraBold-s.p.0ppf6b6nxrmk3.woff2 was preloaded using link preload but not used within a few seconds from the window's load event. Please make sure it has an appropriate `as` value and it is preloaded intentionally. @ http://localhost:3000/in/listings/88106982:0
[   19042ms] [WARNING] The resource http://localhost:3000/_next/static/media/InterDisplay_ExtraBoldItalic-s.p.408_l8ju_x_-h.woff2 was preloaded using link preload but not used within a few seconds from the window's load event. Please make sure it has an appropriate `as` value and it is preloaded intentionally. @ http://localhost:3000/in/listings/88106982:0
