[     150ms] [INFO] %cDownload the React DevTools for a better development experience: https://react.dev/link/react-devtools font-weight:bold @ http://localhost:3000/_next/static/chunks/node_modules_next_dist_1ybzpk2._.js:2477
[     170ms] [LOG] [HMR] connected @ http://localhost:3000/_next/static/chunks/node_modules_next_dist_1ybzpk2._.js:2477
[     302ms] [LOG] [Fast Refresh] rebuilding @ http://localhost:3000/_next/static/chunks/node_modules_next_dist_1ybzpk2._.js:2477
[     499ms] [WARNING] Image with src "http://localhost:3000/assets/la-text-black.svg" has either width or height modified, but not the other. If you use CSS to change the size of your image, also include the styles 'width: "auto"' or 'height: "auto"' to maintain the aspect ratio. @ http://localhost:3000/_next/static/chunks/node_modules_next_dist_1ybzpk2._.js:2477
[     511ms] [LOG] [Fast Refresh] done in 319ms @ http://localhost:3000/_next/static/chunks/node_modules_next_dist_1ybzpk2._.js:2477
[     511ms] [ERROR] Failed to load resource: the server responded with a status of 401 (Unauthorized) @ http://localhost:3000/api/auth/me:0
[     512ms] [WARNING] Image with src "http://localhost:3000/assets/la-text-white.svg" has either width or height modified, but not the other. If you use CSS to change the size of your image, also include the styles 'width: "auto"' or 'height: "auto"' to maintain the aspect ratio. @ http://localhost:3000/_next/static/chunks/node_modules_next_dist_1ybzpk2._.js:2477
[     621ms] [ERROR] Failed to load resource: the server responded with a status of 401 (Unauthorized) @ http://localhost:3000/api/auth/me:0
[     629ms] [LOG] [Fast Refresh] rebuilding @ http://localhost:3000/_next/static/chunks/node_modules_next_dist_1ybzpk2._.js:2477
[     693ms] [LOG] [Fast Refresh] done in 170ms @ http://localhost:3000/_next/static/chunks/node_modules_next_dist_1ybzpk2._.js:2477
[    5891ms] [LOG] [Fast Refresh] rebuilding @ http://localhost:3000/_next/static/chunks/node_modules_next_dist_1ybzpk2._.js:2477
[    5945ms] [LOG] [Fast Refresh] done in 155ms @ http://localhost:3000/_next/static/chunks/node_modules_next_dist_1ybzpk2._.js:2477
[    6078ms] [WARNING] The resource http://localhost:3000/_next/static/media/InterDisplay_MediumItalic-s.p.2n140z_5a3bpz.woff2 was preloaded using link preload but not used within a few seconds from the window's load event. Please make sure it has an appropriate `as` value and it is preloaded intentionally. @ http://localhost:3000/:0
[    6078ms] [WARNING] The resource http://localhost:3000/_next/static/media/InterDisplay_Regular-s.p.05ofnfgo8nzb9.woff2 was preloaded using link preload but not used within a few seconds from the window's load event. Please make sure it has an appropriate `as` value and it is preloaded intentionally. @ http://localhost:3000/:0
[    6078ms] [WARNING] The resource http://localhost:3000/_next/static/media/InterDisplay_ExtraLight-s.p.2nb7s3aeo7ldb.woff2 was preloaded using link preload but not used within a few seconds from the window's load event. Please make sure it has an appropriate `as` value and it is preloaded intentionally. @ http://localhost:3000/:0
[    6078ms] [WARNING] The resource http://localhost:3000/_next/static/media/InterDisplay_Thin-s.p.30banxgkccgh5.woff2 was preloaded using link preload but not used within a few seconds from the window's load event. Please make sure it has an appropriate `as` value and it is preloaded intentionally. @ http://localhost:3000/:0
[    6078ms] [WARNING] The resource http://localhost:3000/_next/static/media/InterDisplay_Black-s.p.33o_4m0rtu-r7.woff2 was preloaded using link preload but not used within a few seconds from the window's load event. Please make sure it has an appropriate `as` value and it is preloaded intentionally. @ http://localhost:3000/:0
[    6078ms] [WARNING] The resource http://localhost:3000/_next/static/media/InterDisplay_Italic-s.p.3nxdwcry_ltl7.woff2 was preloaded using link preload but not used within a few seconds from the window's load event. Please make sure it has an appropriate `as` value and it is preloaded intentionally. @ http://localhost:3000/:0
[    6078ms] [WARNING] The resource http://localhost:3000/_next/static/media/InterDisplay_BoldItalic-s.p.35mham8v5-ycf.woff2 was preloaded using link preload but not used within a few seconds from the window's load event. Please make sure it has an appropriate `as` value and it is preloaded intentionally. @ http://localhost:3000/:0
[    6079ms] [WARNING] The resource http://localhost:3000/_next/static/media/InterDisplay_ExtraLightItalic-s.p.10n24g85sorrt.woff2 was preloaded using link preload but not used within a few seconds from the window's load event. Please make sure it has an appropriate `as` value and it is preloaded intentionally. @ http://localhost:3000/:0
[    6079ms] [WARNING] The resource http://localhost:3000/_next/static/media/InterDisplay_LightItalic-s.p.3x5a85g3nysw0.woff2 was preloaded using link preload but not used within a few seconds from the window's load event. Please make sure it has an appropriate `as` value and it is preloaded intentionally. @ http://localhost:3000/:0
[    6079ms] [WARNING] The resource http://localhost:3000/_next/static/media/InterDisplay_SemiBoldItalic-s.p.3k2jttv8ev6o8.woff2 was preloaded using link preload but not used within a few seconds from the window's load event. Please make sure it has an appropriate `as` value and it is preloaded intentionally. @ http://localhost:3000/:0
[    6079ms] [WARNING] The resource http://localhost:3000/_next/static/media/InterDisplay_SemiBold-s.p.31mi2_1srxuqc.woff2 was preloaded using link preload but not used within a few seconds from the window's load event. Please make sure it has an appropriate `as` value and it is preloaded intentionally. @ http://localhost:3000/:0
[    6079ms] [WARNING] The resource http://localhost:3000/_next/static/media/InterDisplay_BlackItalic-s.p.425nith7n306a.woff2 was preloaded using link preload but not used within a few seconds from the window's load event. Please make sure it has an appropriate `as` value and it is preloaded intentionally. @ http://localhost:3000/:0
[    6079ms] [WARNING] The resource http://localhost:3000/_next/static/media/InterDisplay_ThinItalic-s.p.1n1fsos13n145.woff2 was preloaded using link preload but not used within a few seconds from the window's load event. Please make sure it has an appropriate `as` value and it is preloaded intentionally. @ http://localhost:3000/:0
[    6079ms] [WARNING] The resource http://localhost:3000/_next/static/media/InterDisplay_Light-s.p.23j4v340n3f_s.woff2 was preloaded using link preload but not used within a few seconds from the window's load event. Please make sure it has an appropriate `as` value and it is preloaded intentionally. @ http://localhost:3000/:0
[    6079ms] [WARNING] The resource http://localhost:3000/_next/static/media/InterDisplay_Medium-s.p.0g6cht4ktizsh.woff2 was preloaded using link preload but not used within a few seconds from the window's load event. Please make sure it has an appropriate `as` value and it is preloaded intentionally. @ http://localhost:3000/:0
[    6079ms] [WARNING] The resource http://localhost:3000/_next/static/media/InterDisplay_ExtraBoldItalic-s.p.408_l8ju_x_-h.woff2 was preloaded using link preload but not used within a few seconds from the window's load event. Please make sure it has an appropriate `as` value and it is preloaded intentionally. @ http://localhost:3000/:0
[   93964ms] [ERROR] WebSocket connection to 'ws://localhost:3000/_next/webpack-hmr?id=8MsJElDIgO6f1VgeCQRrN' failed: Error in connection establishment: net::ERR_CONNECTION_REFUSED @ http://localhost:3000/_next/static/chunks/node_modules_next_dist_client_0r5nbpw._.js:13422
[   94966ms] [ERROR] WebSocket connection to 'ws://localhost:3000/_next/webpack-hmr?id=8MsJElDIgO6f1VgeCQRrN' failed: Error in connection establishment: net::ERR_CONNECTION_REFUSED @ http://localhost:3000/_next/static/chunks/node_modules_next_dist_client_0r5nbpw._.js:13422
[   95969ms] [ERROR] WebSocket connection to 'ws://localhost:3000/_next/webpack-hmr?id=8MsJElDIgO6f1VgeCQRrN' failed: Error in connection establishment: net::ERR_CONNECTION_REFUSED @ http://localhost:3000/_next/static/chunks/node_modules_next_dist_client_0r5nbpw._.js:13422
[   96971ms] [ERROR] WebSocket connection to 'ws://localhost:3000/_next/webpack-hmr?id=8MsJElDIgO6f1VgeCQRrN' failed: Error in connection establishment: net::ERR_CONNECTION_REFUSED @ http://localhost:3000/_next/static/chunks/node_modules_next_dist_client_0r5nbpw._.js:13422
[   97975ms] [ERROR] WebSocket connection to 'ws://localhost:3000/_next/webpack-hmr?id=8MsJElDIgO6f1VgeCQRrN' failed: Error in connection establishment: net::ERR_CONNECTION_REFUSED @ http://localhost:3000/_next/static/chunks/node_modules_next_dist_client_0r5nbpw._.js:13422
[  102977ms] [ERROR] WebSocket connection to 'ws://localhost:3000/_next/webpack-hmr?id=8MsJElDIgO6f1VgeCQRrN' failed: Error in connection establishment: net::ERR_CONNECTION_REFUSED @ http://localhost:3000/_next/static/chunks/node_modules_next_dist_client_0r5nbpw._.js:13422
[  107980ms] [ERROR] WebSocket connection to 'ws://localhost:3000/_next/webpack-hmr?id=8MsJElDIgO6f1VgeCQRrN' failed: Error in connection establishment: net::ERR_CONNECTION_REFUSED @ http://localhost:3000/_next/static/chunks/node_modules_next_dist_client_0r5nbpw._.js:13422
[  112983ms] [ERROR] WebSocket connection to 'ws://localhost:3000/_next/webpack-hmr?id=8MsJElDIgO6f1VgeCQRrN' failed: Error in connection establishment: net::ERR_CONNECTION_REFUSED @ http://localhost:3000/_next/static/chunks/node_modules_next_dist_client_0r5nbpw._.js:13422
[  117986ms] [ERROR] WebSocket connection to 'ws://localhost:3000/_next/webpack-hmr?id=8MsJElDIgO6f1VgeCQRrN' failed: Error in connection establishment: net::ERR_CONNECTION_REFUSED @ http://localhost:3000/_next/static/chunks/node_modules_next_dist_client_0r5nbpw._.js:13422
[  122989ms] [ERROR] WebSocket connection to 'ws://localhost:3000/_next/webpack-hmr?id=8MsJElDIgO6f1VgeCQRrN' failed: Error in connection establishment: net::ERR_CONNECTION_REFUSED @ http://localhost:3000/_next/static/chunks/node_modules_next_dist_client_0r5nbpw._.js:13422
[  127993ms] [ERROR] WebSocket connection to 'ws://localhost:3000/_next/webpack-hmr?id=8MsJElDIgO6f1VgeCQRrN' failed: Error in connection establishment: net::ERR_CONNECTION_REFUSED @ http://localhost:3000/_next/static/chunks/node_modules_next_dist_client_0r5nbpw._.js:13422
[  132994ms] [ERROR] WebSocket connection to 'ws://localhost:3000/_next/webpack-hmr?id=8MsJElDIgO6f1VgeCQRrN' failed: Error in connection establishment: net::ERR_CONNECTION_REFUSED @ http://localhost:3000/_next/static/chunks/node_modules_next_dist_client_0r5nbpw._.js:13422
